// Jest Snapshot v1, https://goo.gl/fbAQLP

exports[`The Lifecyles Component should render correctly 1`] = `
ShallowWrapper {
  Symbol(enzyme.__root__): [Circular],
  Symbol(enzyme.__unrendered__): <Lifecycles />,
  Symbol(enzyme.__renderer__): Object {
    "batchedUpdates": [Function],
    "getNode": [Function],
    "render": [Function],
    "simulateError": [Function],
    "simulateEvent": [Function],
    "unmount": [Function],
  },
  Symbol(enzyme.__node__): Object {
    "instance": null,
    "key": undefined,
    "nodeType": "host",
    "props": Object {
      "children": Array [
        <h1>
          BASIC LIFECYCLE METHODS...
        </h1>,
        false,
        <button
          onClick={[Function]}
        >
          toggle box
        </button>,
      ],
    },
    "ref": null,
    "rendered": Array [
      Object {
        "instance": null,
        "key": undefined,
        "nodeType": "host",
        "props": Object {
          "children": "BASIC LIFECYCLE METHODS...",
        },
        "ref": null,
        "rendered": "BASIC LIFECYCLE METHODS...",
        "type": "h1",
      },
      false,
      Object {
        "instance": null,
        "key": undefined,
        "nodeType": "host",
        "props": Object {
          "children": "toggle box",
          "onClick": [Function],
        },
        "ref": null,
        "rendered": "toggle box",
        "type": "button",
      },
    ],
    "type": "div",
  },
  Symbol(enzyme.__nodes__): Array [
    Object {
      "instance": null,
      "key": undefined,
      "nodeType": "host",
      "props": Object {
        "children": Array [
          <h1>
            BASIC LIFECYCLE METHODS...
          </h1>,
          false,
          <button
            onClick={[Function]}
          >
            toggle box
          </button>,
        ],
      },
      "ref": null,
      "rendered": Array [
        Object {
          "instance": null,
          "key": undefined,
          "nodeType": "host",
          "props": Object {
            "children": "BASIC LIFECYCLE METHODS...",
          },
          "ref": null,
          "rendered": "BASIC LIFECYCLE METHODS...",
          "type": "h1",
        },
        false,
        Object {
          "instance": null,
          "key": undefined,
          "nodeType": "host",
          "props": Object {
            "children": "toggle box",
            "onClick": [Function],
          },
          "ref": null,
          "rendered": "toggle box",
          "type": "button",
        },
      ],
      "type": "div",
    },
  ],
  Symbol(enzyme.__options__): Object {
    "adapter": ReactSixteenAdapter {
      "options": Object {
        "enableComponentDidUpdateOnSetState": true,
        "lifecycles": Object {
          "componentDidUpdate": Object {
            "onSetState": true,
          },
          "getDerivedStateFromProps": true,
          "getSnapshotBeforeUpdate": true,
          "setState": Object {
            "skipsComponentDidUpdateOnNullish": true,
          },
        },
      },
    },
  },
}
`;
